[     309ms] i
[     365ms] [LOG] JQMIGRATE: Migrate is installed, version 3.0.1 @ https://travco.com/TITSolutions/ws/assets/form-widget/jquery-migrate.min.js:32
[   14450ms] [WARNING] The resource https://travco.com/video-poster.jpg was preloaded using link preload but not used within a few seconds from the window's load event. Please make sure it has an appropriate `as` value and it is preloaded intentionally. @ https://travco.com/en/:0
[   18665ms] [WARNING] The resource https://travco.com/video-poster.jpg was preloaded using link preload but not used within a few seconds from the window's load event. Please make sure it has an appropriate `as` value and it is preloaded intentionally. @ https://travco.com/en/:0
[   25716ms] [WARNING] The resource https://travco.com/video-poster.jpg was preloaded using link preload but not used within a few seconds from the window's load event. Please make sure it has an appropriate `as` value and it is preloaded intentionally. @ https://travco.com/en/:0
[   32147ms] [WARNING] The resource https://travco.com/video-poster.jpg was preloaded using link preload but not used within a few seconds from the window's load event. Please make sure it has an appropriate `as` value and it is preloaded intentionally. @ https://travco.com/en/:0
[   39949ms] [WARNING] The resource https://travco.com/video-poster.jpg was preloaded using link preload but not used within a few seconds from the window's load event. Please make sure it has an appropriate `as` value and it is preloaded intentionally. @ https://travco.com/en/:0
[   48649ms] [WARNING] The resource https://travco.com/video-poster.jpg was preloaded using link preload but not used within a few seconds from the window's load event. Please make sure it has an appropriate `as` value and it is preloaded intentionally. @ https://travco.com/en/:0
[   59616ms] [WARNING] The resource https://travco.com/video-poster.jpg was preloaded using link preload but not used within a few seconds from the window's load event. Please make sure it has an appropriate `as` value and it is preloaded intentionally. @ https://travco.com/en/:0
[   70095ms] [WARNING] The resource https://travco.com/video-poster.jpg was preloaded using link preload but not used within a few seconds from the window's load event. Please make sure it has an appropriate `as` value and it is preloaded intentionally. @ https://travco.com/en/:0
[   81599ms] [WARNING] The resource https://travco.com/video-poster.jpg was preloaded using link preload but not used within a few seconds from the window's load event. Please make sure it has an appropriate `as` value and it is preloaded intentionally. @ https://travco.com/en/:0
[   95944ms] [WARNING] The resource https://travco.com/video-poster.jpg was preloaded using link preload but not used within a few seconds from the window's load event. Please make sure it has an appropriate `as` value and it is preloaded intentionally. @ https://travco.com/en/:0
[  109299ms] [WARNING] The resource https://travco.com/video-poster.jpg was preloaded using link preload but not used within a few seconds from the window's load event. Please make sure it has an appropriate `as` value and it is preloaded intentionally. @ https://travco.com/en/:0
[  124565ms] [WARNING] The resource https://travco.com/video-poster.jpg was preloaded using link preload but not used within a few seconds from the window's load event. Please make sure it has an appropriate `as` value and it is preloaded intentionally. @ https://travco.com/en/:0
[  143832ms] [WARNING] The resource https://travco.com/video-poster.jpg was preloaded using link preload but not used within a few seconds from the window's load event. Please make sure it has an appropriate `as` value and it is preloaded intentionally. @ https://travco.com/en/:0
[  147176ms] [WARNING] The resource https://travco.com/video-poster.jpg was preloaded using link preload but not used within a few seconds from the window's load event. Please make sure it has an appropriate `as` value and it is preloaded intentionally. @ https://travco.com/en/:0
[  157548ms] [WARNING] The resource https://travco.com/video-poster.jpg was preloaded using link preload but not used within a few seconds from the window's load event. Please make sure it has an appropriate `as` value and it is preloaded intentionally. @ https://travco.com/en/:0
[  176848ms] [WARNING] The resource https://travco.com/video-poster.jpg was preloaded using link preload but not used within a few seconds from the window's load event. Please make sure it has an appropriate `as` value and it is preloaded intentionally. @ https://travco.com/en/:0
[  195362ms] [WARNING] The resource https://travco.com/video-poster.jpg was preloaded using link preload but not used within a few seconds from the window's load event. Please make sure it has an appropriate `as` value and it is preloaded intentionally. @ https://travco.com/en/:0
[  214881ms] [WARNING] The resource https://travco.com/video-poster.jpg was preloaded using link preload but not used within a few seconds from the window's load event. Please make sure it has an appropriate `as` value and it is preloaded intentionally. @ https://travco.com/en/:0
[  235363ms] [WARNING] The resource https://travco.com/video-poster.jpg was preloaded using link preload but not used within a few seconds from the window's load event. Please make sure it has an appropriate `as` value and it is preloaded intentionally. @ https://travco.com/en/:0
[  258085ms] [WARNING] The resource https://travco.com/video-poster.jpg was preloaded using link preload but not used within a few seconds from the window's load event. Please make sure it has an appropriate `as` value and it is preloaded intentionally. @ https://travco.com/en/:0
[  280301ms] [WARNING] The resource https://travco.com/video-poster.jpg was preloaded using link preload but not used within a few seconds from the window's load event. Please make sure it has an appropriate `as` value and it is preloaded intentionally. @ https://travco.com/en/:0
[  304615ms] [WARNING] The resource https://travco.com/video-poster.jpg was preloaded using link preload but not used within a few seconds from the window's load event. Please make sure it has an appropriate `as` value and it is preloaded intentionally. @ https://travco.com/en/:0
[  329811ms] [WARNING] The resource https://travco.com/video-poster.jpg was preloaded using link preload but not used within a few seconds from the window's load event. Please make sure it has an appropriate `as` value and it is preloaded intentionally. @ https://travco.com/en/:0
[  357072ms] [WARNING] The resource https://travco.com/video-poster.jpg was preloaded using link preload but not used within a few seconds from the window's load event. Please make sure it has an appropriate `as` value and it is preloaded intentionally. @ https://travco.com/en/:0
[  383487ms] [WARNING] The resource https://travco.com/video-poster.jpg was preloaded using link preload but not used within a few seconds from the window's load event. Please make sure it has an appropriate `as` value and it is preloaded intentionally. @ https://travco.com/en/:0
[  412243ms] [WARNING] The resource https://travco.com/video-poster.jpg was preloaded using link preload but not used within a few seconds from the window's load event. Please make sure it has an appropriate `as` value and it is preloaded intentionally. @ https://travco.com/en/:0
[  440523ms] [WARNING] The resource https://travco.com/video-poster.jpg was preloaded using link preload but not used within a few seconds from the window's load event. Please make sure it has an appropriate `as` value and it is preloaded intentionally. @ https://travco.com/en/:0
[  473147ms] [WARNING] The resource https://travco.com/video-poster.jpg was preloaded using link preload but not used within a few seconds from the window's load event. Please make sure it has an appropriate `as` value and it is preloaded intentionally. @ https://travco.com/en/:0
[  502695ms] [WARNING] The resource https://travco.com/video-poster.jpg was preloaded using link preload but not used within a few seconds from the window's load event. Please make sure it has an appropriate `as` value and it is preloaded intentionally. @ https://travco.com/en/:0
[  533781ms] [WARNING] The resource https://travco.com/video-poster.jpg was preloaded using link preload but not used within a few seconds from the window's load event. Please make sure it has an appropriate `as` value and it is preloaded intentionally. @ https://travco.com/en/:0
[  566002ms] [WARNING] The resource https://travco.com/video-poster.jpg was preloaded using link preload but not used within a few seconds from the window's load event. Please make sure it has an appropriate `as` value and it is preloaded intentionally. @ https://travco.com/en/:0
[  596037ms] [WARNING] The resource https://travco.com/video-poster.jpg was preloaded using link preload but not used within a few seconds from the window's load event. Please make sure it has an appropriate `as` value and it is preloaded intentionally. @ https://travco.com/en/:0
[  628690ms] [WARNING] The resource https://travco.com/video-poster.jpg was preloaded using link preload but not used within a few seconds from the window's load event. Please make sure it has an appropriate `as` value and it is preloaded intentionally. @ https://travco.com/en/:0
[  660063ms] [WARNING] The resource https://travco.com/video-poster.jpg was preloaded using link preload but not used within a few seconds from the window's load event. Please make sure it has an appropriate `as` value and it is preloaded intentionally. @ https://travco.com/en/:0
[  690510ms] [WARNING] The resource https://travco.com/video-poster.jpg was preloaded using link preload but not used within a few seconds from the window's load event. Please make sure it has an appropriate `as` value and it is preloaded intentionally. @ https://travco.com/en/:0
[  722806ms] [WARNING] The resource https://travco.com/video-poster.jpg was preloaded using link preload but not used within a few seconds from the window's load event. Please make sure it has an appropriate `as` value and it is preloaded intentionally. @ https://travco.com/en/:0
[  755009ms] [WARNING] The resource https://travco.com/video-poster.jpg was preloaded using link preload but not used within a few seconds from the window's load event. Please make sure it has an appropriate `as` value and it is preloaded intentionally. @ https://travco.com/en/:0
[  785729ms] [WARNING] The resource https://travco.com/video-poster.jpg was preloaded using link preload but not used within a few seconds from the window's load event. Please make sure it has an appropriate `as` value and it is preloaded intentionally. @ https://travco.com/en/:0
[  817043ms] [WARNING] The resource https://travco.com/video-poster.jpg was preloaded using link preload but not used within a few seconds from the window's load event. Please make sure it has an appropriate `as` value and it is preloaded intentionally. @ https://travco.com/en/:0
[  851127ms] [WARNING] The resource https://travco.com/video-poster.jpg was preloaded using link preload but not used within a few seconds from the window's load event. Please make sure it has an appropriate `as` value and it is preloaded intentionally. @ https://travco.com/en/:0
[  882997ms] [WARNING] The resource https://travco.com/video-poster.jpg was preloaded using link preload but not used within a few seconds from the window's load event. Please make sure it has an appropriate `as` value and it is preloaded intentionally. @ https://travco.com/en/:0
[  912505ms] [WARNING] The resource https://travco.com/video-poster.jpg was preloaded using link preload but not used within a few seconds from the window's load event. Please make sure it has an appropriate `as` value and it is preloaded intentionally. @ https://travco.com/en/:0
[  945341ms] [WARNING] The resource https://travco.com/video-poster.jpg was preloaded using link preload but not used within a few seconds from the window's load event. Please make sure it has an appropriate `as` value and it is preloaded intentionally. @ https://travco.com/en/:0
[  975158ms] [WARNING] The resource https://travco.com/video-poster.jpg was preloaded using link preload but not used within a few seconds from the window's load event. Please make sure it has an appropriate `as` value and it is preloaded intentionally. @ https://travco.com/en/:0
[ 1007496ms] [WARNING] The resource https://travco.com/video-poster.jpg was preloaded using link preload but not used within a few seconds from the window's load event. Please make sure it has an appropriate `as` value and it is preloaded intentionally. @ https://travco.com/en/:0
[ 1038528ms] [WARNING] The resource https://travco.com/video-poster.jpg was preloaded using link preload but not used within a few seconds from the window's load event. Please make sure it has an appropriate `as` value and it is preloaded intentionally. @ https://travco.com/en/:0
[ 1069774ms] [WARNING] The resource https://travco.com/video-poster.jpg was preloaded using link preload but not used within a few seconds from the window's load event. Please make sure it has an appropriate `as` value and it is preloaded intentionally. @ https://travco.com/en/:0
[ 1100369ms] [WARNING] The resource https://travco.com/video-poster.jpg was preloaded using link preload but not used within a few seconds from the window's load event. Please make sure it has an appropriate `as` value and it is preloaded intentionally. @ https://travco.com/en/:0
[ 1130511ms] [WARNING] The resource https://travco.com/video-poster.jpg was preloaded using link preload but not used within a few seconds from the window's load event. Please make sure it has an appropriate `as` value and it is preloaded intentionally. @ https://travco.com/en/:0
[ 1161466ms] [WARNING] The resource https://travco.com/video-poster.jpg was preloaded using link preload but not used within a few seconds from the window's load event. Please make sure it has an appropriate `as` value and it is preloaded intentionally. @ https://travco.com/en/:0
[ 1192555ms] [WARNING] The resource https://travco.com/video-poster.jpg was preloaded using link preload but not used within a few seconds from the window's load event. Please make sure it has an appropriate `as` value and it is preloaded intentionally. @ https://travco.com/en/:0
[ 1226815ms] [WARNING] The resource https://travco.com/video-poster.jpg was preloaded using link preload but not used within a few seconds from the window's load event. Please make sure it has an appropriate `as` value and it is preloaded intentionally. @ https://travco.com/en/:0
[ 1256020ms] [WARNING] The resource https://travco.com/video-poster.jpg was preloaded using link preload but not used within a few seconds from the window's load event. Please make sure it has an appropriate `as` value and it is preloaded intentionally. @ https://travco.com/en/:0
[ 1289546ms] [WARNING] The resource https://travco.com/video-poster.jpg was preloaded using link preload but not used within a few seconds from the window's load event. Please make sure it has an appropriate `as` value and it is preloaded intentionally. @ https://travco.com/en/:0
[ 1320354ms] [WARNING] The resource https://travco.com/video-poster.jpg was preloaded using link preload but not used within a few seconds from the window's load event. Please make sure it has an appropriate `as` value and it is preloaded intentionally. @ https://travco.com/en/:0
[ 1350467ms] [WARNING] The resource https://travco.com/video-poster.jpg was preloaded using link preload but not used within a few seconds from the window's load event. Please make sure it has an appropriate `as` value and it is preloaded intentionally. @ https://travco.com/en/:0
[ 1382099ms] [WARNING] The resource https://travco.com/video-poster.jpg was preloaded using link preload but not used within a few seconds from the window's load event. Please make sure it has an appropriate `as` value and it is preloaded intentionally. @ https://travco.com/en/:0
[ 1412849ms] [WARNING] The resource https://travco.com/video-poster.jpg was preloaded using link preload but not used within a few seconds from the window's load event. Please make sure it has an appropriate `as` value and it is preloaded intentionally. @ https://travco.com/en/:0
[ 1443479ms] [WARNING] The resource https://travco.com/video-poster.jpg was preloaded using link preload but not used within a few seconds from the window's load event. Please make sure it has an appropriate `as` value and it is preloaded intentionally. @ https://travco.com/en/:0
[ 1474145ms] [WARNING] The resource https://travco.com/video-poster.jpg was preloaded using link preload but not used within a few seconds from the window's load event. Please make sure it has an appropriate `as` value and it is preloaded intentionally. @ https://travco.com/en/:0
[ 1504268ms] [WARNING] The resource https://travco.com/video-poster.jpg was preloaded using link preload but not used within a few seconds from the window's load event. Please make sure it has an appropriate `as` value and it is preloaded intentionally. @ https://travco.com/en/:0
[ 1534977ms] [WARNING] The resource https://travco.com/video-poster.jpg was preloaded using link preload but not used within a few seconds from the window's load event. Please make sure it has an appropriate `as` value and it is preloaded intentionally. @ https://travco.com/en/:0
[ 1566813ms] [WARNING] The resource https://travco.com/video-poster.jpg was preloaded using link preload but not used within a few seconds from the window's load event. Please make sure it has an appropriate `as` value and it is preloaded intentionally. @ https://travco.com/en/:0
[ 1596628ms] [WARNING] The resource https://travco.com/video-poster.jpg was preloaded using link preload but not used within a few seconds from the window's load event. Please make sure it has an appropriate `as` value and it is preloaded intentionally. @ https://travco.com/en/:0
[ 1627657ms] [WARNING] The resource https://travco.com/video-poster.jpg was preloaded using link preload but not used within a few seconds from the window's load event. Please make sure it has an appropriate `as` value and it is preloaded intentionally. @ https://travco.com/en/:0
[ 1657934ms] [WARNING] The resource https://travco.com/video-poster.jpg was preloaded using link preload but not used within a few seconds from the window's load event. Please make sure it has an appropriate `as` value and it is preloaded intentionally. @ https://travco.com/en/:0
[ 1689812ms] [WARNING] The resource https://travco.com/video-poster.jpg was preloaded using link preload but not used within a few seconds from the window's load event. Please make sure it has an appropriate `as` value and it is preloaded intentionally. @ https://travco.com/en/:0
[ 1721408ms] [WARNING] The resource https://travco.com/video-poster.jpg was preloaded using link preload but not used within a few seconds from the window's load event. Please make sure it has an appropriate `as` value and it is preloaded intentionally. @ https://travco.com/en/:0
[ 1752753ms] [WARNING] The resource https://travco.com/video-poster.jpg was preloaded using link preload but not used within a few seconds from the window's load event. Please make sure it has an appropriate `as` value and it is preloaded intentionally. @ https://travco.com/en/:0
[ 1783418ms] [WARNING] The resource https://travco.com/video-poster.jpg was preloaded using link preload but not used within a few seconds from the window's load event. Please make sure it has an appropriate `as` value and it is preloaded intentionally. @ https://travco.com/en/:0
[ 1814973ms] [WARNING] The resource https://travco.com/video-poster.jpg was preloaded using link preload but not used within a few seconds from the window's load event. Please make sure it has an appropriate `as` value and it is preloaded intentionally. @ https://travco.com/en/:0
[ 1844807ms] [WARNING] The resource https://travco.com/video-poster.jpg was preloaded using link preload but not used within a few seconds from the window's load event. Please make sure it has an appropriate `as` value and it is preloaded intentionally. @ https://travco.com/en/:0
